// Jest Snapshot v1, https://goo.gl/fbAQLP

exports[`Button should match with the snapshot 1`] = `
<button
  className="c-btn"
>
  Button
</button>
`;
